
> event-org-app@0.1.0 build
> next build

node.exe : ΓÜá 
Warning: Next.js 
inferred your 
workspace root, but 
it may not be 
correct.
At line:1 char:1
+ & "C:\Program File
s\nodejs/node.exe" 
"C:\Program Files\no
dejs/node_mo ...
+ ~~~~~~~~~~~~~~~~~~
~~~~~~~~~~~~~~~~~~~~
~~~~~~~~~~~~~~~~~~~~
~~~~~~~~~~~
    + CategoryInfo  
            : NotS  
  pecified: (ΓÜá    
 Warning: Ne...n    
ot be correct.:    
String) [], Rem    
oteException
    + FullyQualifie 
   dErrorId : Nati  
  veCommandError
 
 We detected 
multiple lockfiles 
and selected the 
directory of C:\User
s\VENKAT\.gemini\ant
igravity\scratch\pac
kage-lock.json as 
the root directory.
 To silence this 
warning, set 
`turbopack.root` in 
your Next.js 
config, or consider 
removing one of the 
lockfiles if it's 
not needed.
   See https://nextj
s.org/docs/app/api-r
eference/config/next
-config-js/turbopack
#root-directory for 
more information.
 Detected 
additional 
lockfiles: 
   * C:\Users\VENKAT
\.gemini\antigravity
\scratch\event-org\p
ackage-lock.json

Γû▓ Next.js 16.1.1 (Turbopack)

  Creating an optimized production build ...
Γ£ô Compiled successfully in 4.6s
  Running TypeScript ...
Failed to compile.

./src/components/sta
lls/StallsGrid.tsx:4
0:21
Type error: Type '{ 
key: string; title: 
string; category: 
string; image: 
string; isApproved: 
boolean | 
undefined; 
onViewMore: () => 
void | undefined; 
onApprove: () => 
void | undefined; 
}' is not 
assignable to type '
IntrinsicAttributes 
& StallCardProps'.
  Property 
'isApproved' does 
not exist on type 'I
ntrinsicAttributes 
& StallCardProps'.

[0m [90m 38 
|[39m              
       category[33m
=[39m{stall[33m.[
39mcategory}
 [90m 39 |[39m    
                 ima
ge[33m=[39m{stall
[33m.[39mimage}
[31m[1m>[22m[39m
[90m 40 |[39m     
                isAp
proved[33m=[39m{st
all[33m.[39misAppr
oved}
 [90m    |[39m    
                 
[31m[1m^[22m[39m
 [90m 41 |[39m    
                 onV
iewMore[33m=[39m{(
) [33m=>[39m onVie
wMore[33m?[39m[33
m.[39m(stall)}
 [90m 42 |[39m    
                 onA
pprove[33m=[39m{()
 [33m=>[39m onAppr
ove[33m?[39m[33m.
[39m(stall)}
 [90m 43 |[39m    
             [33m/
[39m[33m>[39m[0m
Next.js build 
worker exited with 
code: 1 and signal: 
null
